stm32wbxx_ll_rcc.h:1666:22:LL_RCC_LSE_SetDriveCapability	16	static
stm32wbxx_ll_bus.h:364:22:LL_AHB1_GRP1_EnableClock	24	static
stm32wbxx_ll_bus.h:539:22:LL_AHB2_GRP1_EnableClock	24	static
main.c:42:5:main	8	static
main.c:80:6:SystemClock_Config	112	static
main.c:131:6:PeriphCommonClock_Config	88	static
main.c:153:13:MX_IPCC_Init	8	static
main.c:167:13:MX_RF_Init	4	static
main.c:177:13:MX_RTC_Init	8	static
main.c:206:6:MX_USART1_UART_Init	8	static
main.c:240:13:MX_DMA_Init	8	static
main.c:265:13:MX_GPIO_Init	32	static
main.c:290:6:Error_Handler	4	static,ignoring_inline_asm
