stm32wbxx_ll_rcc.h:2864:22:LL_RCC_EnableRTC	4	static
stm32wbxx_ll_rcc.h:2874:22:LL_RCC_DisableRTC	4	static
stm32wbxx_ll_bus.h:539:22:LL_AHB2_GRP1_EnableClock	24	static
stm32wbxx_ll_bus.h:744:22:LL_AHB3_GRP1_EnableClock	24	static
stm32wbxx_ll_bus.h:798:22:LL_AHB3_GRP1_DisableClock	16	static
stm32wbxx_ll_bus.h:939:22:LL_APB1_GRP1_EnableClock	24	static
stm32wbxx_ll_bus.h:1038:22:LL_APB1_GRP1_DisableClock	16	static
stm32wbxx_ll_bus.h:1274:22:LL_APB2_GRP1_EnableClock	24	static
stm32wbxx_ll_bus.h:1328:22:LL_APB2_GRP1_DisableClock	16	static
stm32wbxx_hal_msp.c:66:6:HAL_MspInit	8	static
stm32wbxx_hal_msp.c:92:6:HAL_IPCC_MspInit	16	static
stm32wbxx_hal_msp.c:119:6:HAL_IPCC_MspDeInit	16	static
stm32wbxx_hal_msp.c:145:6:HAL_RTC_MspInit	96	static
stm32wbxx_hal_msp.c:181:6:HAL_RTC_MspDeInit	16	static
stm32wbxx_hal_msp.c:207:6:HAL_UART_MspInit	120	static
stm32wbxx_hal_msp.c:291:6:HAL_UART_MspDeInit	16	static
